/home/einfochips/ros2_ws/src/multi_robots/install/multi_robots/lib/python3.10/site-packages/multi_robots/multi_Robot_planner.py
/home/einfochips/ros2_ws/src/multi_robots/install/multi_robots/lib/python3.10/site-packages/multi_robots/utils.py
/home/einfochips/ros2_ws/src/multi_robots/install/multi_robots/lib/python3.10/site-packages/multi_robots/__init__.py
/home/einfochips/ros2_ws/src/multi_robots/install/multi_robots/lib/python3.10/site-packages/multi_robots/goal_pose.py
/home/einfochips/ros2_ws/src/multi_robots/install/multi_robots/lib/python3.10/site-packages/multi_robots/chat_gui.py
/home/einfochips/ros2_ws/src/multi_robots/install/multi_robots/lib/python3.10/site-packages/multi_robots/object_detection.py
/home/einfochips/ros2_ws/src/multi_robots/install/multi_robots/lib/python3.10/site-packages/multi_robots/llm_nav.py
/home/einfochips/ros2_ws/src/multi_robots/install/multi_robots/lib/python3.10/site-packages/multi_robots/llm_decision_making.py
/home/einfochips/ros2_ws/src/multi_robots/install/multi_robots/lib/python3.10/site-packages/multi_robots/object_tracking.py
/home/einfochips/ros2_ws/src/multi_robots/install/multi_robots/lib/python3.10/site-packages/multi_robots/multi_Robot_planner_regex.py
/home/einfochips/ros2_ws/src/multi_robots/install/multi_robots/lib/python3.10/site-packages/multi_robots/__pycache__/multi_Robot_planner.cpython-310.pyc
/home/einfochips/ros2_ws/src/multi_robots/install/multi_robots/lib/python3.10/site-packages/multi_robots/__pycache__/utils.cpython-310.pyc
/home/einfochips/ros2_ws/src/multi_robots/install/multi_robots/lib/python3.10/site-packages/multi_robots/__pycache__/__init__.cpython-310.pyc
/home/einfochips/ros2_ws/src/multi_robots/install/multi_robots/lib/python3.10/site-packages/multi_robots/__pycache__/goal_pose.cpython-310.pyc
/home/einfochips/ros2_ws/src/multi_robots/install/multi_robots/lib/python3.10/site-packages/multi_robots/__pycache__/chat_gui.cpython-310.pyc
/home/einfochips/ros2_ws/src/multi_robots/install/multi_robots/lib/python3.10/site-packages/multi_robots/__pycache__/object_detection.cpython-310.pyc
/home/einfochips/ros2_ws/src/multi_robots/install/multi_robots/lib/python3.10/site-packages/multi_robots/__pycache__/llm_nav.cpython-310.pyc
/home/einfochips/ros2_ws/src/multi_robots/install/multi_robots/lib/python3.10/site-packages/multi_robots/__pycache__/llm_decision_making.cpython-310.pyc
/home/einfochips/ros2_ws/src/multi_robots/install/multi_robots/lib/python3.10/site-packages/multi_robots/__pycache__/object_tracking.cpython-310.pyc
/home/einfochips/ros2_ws/src/multi_robots/install/multi_robots/lib/python3.10/site-packages/multi_robots/__pycache__/multi_Robot_planner_regex.cpython-310.pyc
/home/einfochips/ros2_ws/src/multi_robots/install/multi_robots/share/ament_index/resource_index/packages/multi_robots
/home/einfochips/ros2_ws/src/multi_robots/install/multi_robots/share/multi_robots/package.xml
/home/einfochips/ros2_ws/src/multi_robots/install/multi_robots/share/multi_robots/launch/tb3_world2.launch.py
/home/einfochips/ros2_ws/src/multi_robots/install/multi_robots/share/multi_robots/launch/tb3_world.launch.py
/home/einfochips/ros2_ws/src/multi_robots/install/multi_robots/share/multi_robots/launch/multi_robot.launch.py
/home/einfochips/ros2_ws/src/multi_robots/install/multi_robots/share/multi_robots/launch/drive.launch.py
/home/einfochips/ros2_ws/src/multi_robots/install/multi_robots/share/multi_robots/launch/tb3_nav2.launch.py
/home/einfochips/ros2_ws/src/multi_robots/install/multi_robots/share/multi_robots/launch/nav2_bringup
/home/einfochips/ros2_ws/src/multi_robots/install/multi_robots/share/multi_robots/params/burger_nav2_params.yaml
/home/einfochips/ros2_ws/src/multi_robots/install/multi_robots/share/multi_robots/params/burger_cam_nav2_params.yaml
/home/einfochips/ros2_ws/src/multi_robots/install/multi_robots/share/multi_robots/params/waffle_bridge.yaml
/home/einfochips/ros2_ws/src/multi_robots/install/multi_robots/share/multi_robots/params/waffle_pi_bridge.yaml
/home/einfochips/ros2_ws/src/multi_robots/install/multi_robots/share/multi_robots/params/burger_cam_bridge.yaml
/home/einfochips/ros2_ws/src/multi_robots/install/multi_robots/share/multi_robots/params/waffle_pi.yaml
/home/einfochips/ros2_ws/src/multi_robots/install/multi_robots/share/multi_robots/params/burger_bridge.yaml
/home/einfochips/ros2_ws/src/multi_robots/install/multi_robots/share/multi_robots/params/waffle_nav2_params.yaml
/home/einfochips/ros2_ws/src/multi_robots/install/multi_robots/share/multi_robots/rviz/tb3_navigation2.rviz
/home/einfochips/ros2_ws/src/multi_robots/install/multi_robots/share/multi_robots/worlds/tb3_world.world
/home/einfochips/ros2_ws/src/multi_robots/install/multi_robots/share/multi_robots/models/turtlebot3_burger/model.sdf
/home/einfochips/ros2_ws/src/multi_robots/install/multi_robots/share/multi_robots/models/turtlebot3_burger/model.config
/home/einfochips/ros2_ws/src/multi_robots/install/multi_robots/share/multi_robots/models/turtlebot3_burger/model-1_4.sdf
/home/einfochips/ros2_ws/src/multi_robots/install/multi_robots/share/multi_robots/models/turtlebot3_waffle/model.sdf
/home/einfochips/ros2_ws/src/multi_robots/install/multi_robots/share/multi_robots/models/turtlebot3_waffle/model.sdf.bck
/home/einfochips/ros2_ws/src/multi_robots/install/multi_robots/share/multi_robots/models/turtlebot3_waffle/model.config
/home/einfochips/ros2_ws/src/multi_robots/install/multi_robots/share/multi_robots/models/turtlebot3_waffle/model-1_4.sdf
/home/einfochips/ros2_ws/src/multi_robots/install/multi_robots/share/multi_robots/models/turtlebot3_waffle_pi
/home/einfochips/ros2_ws/src/multi_robots/install/multi_robots/share/multi_robots/config/robots.yaml
/home/einfochips/ros2_ws/src/multi_robots/install/multi_robots/share/multi_robots/config/planner.yaml
/home/einfochips/ros2_ws/src/multi_robots/install/multi_robots/share/multi_robots/config/locations.yaml
/home/einfochips/ros2_ws/src/multi_robots/install/multi_robots/share/multi_robots/urdf/turtlebot3_burger.urdf
/home/einfochips/ros2_ws/src/multi_robots/install/multi_robots/share/multi_robots/urdf/turtlebot3_waffle.urdf.bck
/home/einfochips/ros2_ws/src/multi_robots/install/multi_robots/share/multi_robots/urdf/turtlebot3_waffle.urdf
/home/einfochips/ros2_ws/src/multi_robots/install/multi_robots/share/multi_robots/urdf/turtlebot3_waffle copy.urdf
/home/einfochips/ros2_ws/src/multi_robots/install/multi_robots/share/multi_robots/urdf/turtlebot3_waffle.urdf.bck2
/home/einfochips/ros2_ws/src/multi_robots/install/multi_robots/share/multi_robots/urdf/common_properties.urdf
/home/einfochips/ros2_ws/src/multi_robots/install/multi_robots/share/multi_robots/urdf/turtlebot3_burger_cam.urdf
/home/einfochips/ros2_ws/src/multi_robots/install/multi_robots/share/multi_robots/urdf/turtlebot3_waffle_pi.urdf
/home/einfochips/ros2_ws/src/multi_robots/install/multi_robots/share/multi_robots/map/my_map.pgm
/home/einfochips/ros2_ws/src/multi_robots/install/multi_robots/share/multi_robots/map/map.yaml
/home/einfochips/ros2_ws/src/multi_robots/install/multi_robots/share/multi_robots/map/map.pgm
/home/einfochips/ros2_ws/src/multi_robots/install/multi_robots/share/multi_robots/map/my_map.yaml
/home/einfochips/ros2_ws/src/multi_robots/install/multi_robots/lib/python3.10/site-packages/multi_robots-0.0.0-py3.10.egg-info/top_level.txt
/home/einfochips/ros2_ws/src/multi_robots/install/multi_robots/lib/python3.10/site-packages/multi_robots-0.0.0-py3.10.egg-info/PKG-INFO
/home/einfochips/ros2_ws/src/multi_robots/install/multi_robots/lib/python3.10/site-packages/multi_robots-0.0.0-py3.10.egg-info/entry_points.txt
/home/einfochips/ros2_ws/src/multi_robots/install/multi_robots/lib/python3.10/site-packages/multi_robots-0.0.0-py3.10.egg-info/dependency_links.txt
/home/einfochips/ros2_ws/src/multi_robots/install/multi_robots/lib/python3.10/site-packages/multi_robots-0.0.0-py3.10.egg-info/requires.txt
/home/einfochips/ros2_ws/src/multi_robots/install/multi_robots/lib/python3.10/site-packages/multi_robots-0.0.0-py3.10.egg-info/SOURCES.txt
/home/einfochips/ros2_ws/src/multi_robots/install/multi_robots/lib/python3.10/site-packages/multi_robots-0.0.0-py3.10.egg-info/zip-safe
/home/einfochips/ros2_ws/src/multi_robots/install/multi_robots/lib/multi_robots/chat_gui
/home/einfochips/ros2_ws/src/multi_robots/install/multi_robots/lib/multi_robots/goal_pose
/home/einfochips/ros2_ws/src/multi_robots/install/multi_robots/lib/multi_robots/llm_decision
/home/einfochips/ros2_ws/src/multi_robots/install/multi_robots/lib/multi_robots/llm_nav
/home/einfochips/ros2_ws/src/multi_robots/install/multi_robots/lib/multi_robots/llm_obj
/home/einfochips/ros2_ws/src/multi_robots/install/multi_robots/lib/multi_robots/object_detection
/home/einfochips/ros2_ws/src/multi_robots/install/multi_robots/lib/multi_robots/object_tracking
/home/einfochips/ros2_ws/src/multi_robots/install/multi_robots/lib/multi_robots/planner
