[0.112s] DEBUG:colcon:Command line arguments: ['/usr/bin/colcon', 'build', '--packages-select', 'multi_robots']
[0.112s] DEBUG:colcon:Parsed command line arguments: Namespace(log_base=None, log_level=None, verb_name='build', build_base='build', install_base='install', merge_install=False, symlink_install=False, test_result_base=None, continue_on_error=False, executor='parallel', parallel_workers=12, event_handlers=None, ignore_user_meta=False, metas=['./colcon.meta'], base_paths=['.'], packages_ignore=None, packages_ignore_regex=None, paths=None, packages_up_to=None, packages_up_to_regex=None, packages_above=None, packages_above_and_dependencies=None, packages_above_depth=None, packages_select_by_dep=None, packages_skip_by_dep=None, packages_skip_up_to=None, packages_select_build_failed=False, packages_skip_build_finished=False, packages_select_test_failures=False, packages_skip_test_passed=False, packages_select=['multi_robots'], packages_skip=None, packages_select_regex=None, packages_skip_regex=None, packages_start=None, packages_end=None, allow_overriding=[], cmake_args=None, cmake_target=None, cmake_target_skip_unavailable=False, cmake_clean_cache=False, cmake_clean_first=False, cmake_force_configure=False, ament_cmake_args=None, catkin_cmake_args=None, catkin_skip_building_tests=False, mixin_files=None, mixin=None, verb_parser=<colcon_mixin.mixin.mixin_argument.MixinArgumentDecorator object at 0x723504190760>, verb_extension=<colcon_core.verb.build.BuildVerb object at 0x723504190280>, main=<bound method BuildVerb.main of <colcon_core.verb.build.BuildVerb object at 0x723504190280>>, mixin_verb=('build',))
[0.146s] Level 1:colcon.colcon_core.package_discovery:discover_packages(colcon_meta) check parameters
[0.146s] Level 1:colcon.colcon_core.package_discovery:discover_packages(recursive) check parameters
[0.146s] Level 1:colcon.colcon_core.package_discovery:discover_packages(ignore) check parameters
[0.146s] Level 1:colcon.colcon_core.package_discovery:discover_packages(path) check parameters
[0.146s] Level 1:colcon.colcon_core.package_discovery:discover_packages(colcon_meta) discover
[0.146s] Level 1:colcon.colcon_core.package_discovery:discover_packages(recursive) discover
[0.146s] INFO:colcon.colcon_core.package_discovery:Crawling recursively for packages in '/home/einfochips/ros2_ws/src/multi_robots'
[0.146s] Level 1:colcon.colcon_core.package_identification:_identify(.) by extensions ['ignore', 'ignore_ament_install']
[0.147s] Level 1:colcon.colcon_core.package_identification:_identify(.) by extension 'ignore'
[0.147s] Level 1:colcon.colcon_core.package_identification:_identify(.) by extension 'ignore_ament_install'
[0.147s] Level 1:colcon.colcon_core.package_identification:_identify(.) by extensions ['colcon_pkg']
[0.147s] Level 1:colcon.colcon_core.package_identification:_identify(.) by extension 'colcon_pkg'
[0.147s] Level 1:colcon.colcon_core.package_identification:_identify(.) by extensions ['colcon_meta']
[0.147s] Level 1:colcon.colcon_core.package_identification:_identify(.) by extension 'colcon_meta'
[0.147s] Level 1:colcon.colcon_core.package_identification:_identify(.) by extensions ['ros']
[0.147s] Level 1:colcon.colcon_core.package_identification:_identify(.) by extension 'ros'
[0.161s] DEBUG:colcon.colcon_core.package_identification:Package '.' with type 'ros.ament_python' and name 'multi_robots'
[0.161s] Level 1:colcon.colcon_core.package_discovery:discover_packages(recursive) using defaults
[0.161s] Level 1:colcon.colcon_core.package_discovery:discover_packages(ignore) discover
[0.161s] Level 1:colcon.colcon_core.package_discovery:discover_packages(ignore) using defaults
[0.161s] Level 1:colcon.colcon_core.package_discovery:discover_packages(path) discover
[0.161s] Level 1:colcon.colcon_core.package_discovery:discover_packages(path) using defaults
[0.179s] Level 1:colcon.colcon_core.package_discovery:discover_packages(prefix_path) check parameters
[0.179s] Level 1:colcon.colcon_core.package_discovery:discover_packages(prefix_path) discover
[0.181s] DEBUG:colcon.colcon_installed_package_information.package_discovery:Found 13 installed packages in /home/einfochips/tb3_ws/install
[0.182s] DEBUG:colcon.colcon_installed_package_information.package_discovery:Found 1 installed packages in /home/einfochips/ros2_ws/install
[0.183s] DEBUG:colcon.colcon_installed_package_information.package_discovery:Found 370 installed packages in /opt/ros/humble
[0.185s] Level 1:colcon.colcon_core.package_discovery:discover_packages(prefix_path) using defaults
[0.224s] Level 5:colcon.colcon_core.verb:set package 'multi_robots' build argument 'cmake_args' from command line to 'None'
[0.224s] Level 5:colcon.colcon_core.verb:set package 'multi_robots' build argument 'cmake_target' from command line to 'None'
[0.224s] Level 5:colcon.colcon_core.verb:set package 'multi_robots' build argument 'cmake_target_skip_unavailable' from command line to 'False'
[0.224s] Level 5:colcon.colcon_core.verb:set package 'multi_robots' build argument 'cmake_clean_cache' from command line to 'False'
[0.224s] Level 5:colcon.colcon_core.verb:set package 'multi_robots' build argument 'cmake_clean_first' from command line to 'False'
[0.224s] Level 5:colcon.colcon_core.verb:set package 'multi_robots' build argument 'cmake_force_configure' from command line to 'False'
[0.224s] Level 5:colcon.colcon_core.verb:set package 'multi_robots' build argument 'ament_cmake_args' from command line to 'None'
[0.224s] Level 5:colcon.colcon_core.verb:set package 'multi_robots' build argument 'catkin_cmake_args' from command line to 'None'
[0.224s] Level 5:colcon.colcon_core.verb:set package 'multi_robots' build argument 'catkin_skip_building_tests' from command line to 'False'
[0.224s] DEBUG:colcon.colcon_core.verb:Building package 'multi_robots' with the following arguments: {'ament_cmake_args': None, 'build_base': '/home/einfochips/ros2_ws/src/multi_robots/build/multi_robots', 'catkin_cmake_args': None, 'catkin_skip_building_tests': False, 'cmake_args': None, 'cmake_clean_cache': False, 'cmake_clean_first': False, 'cmake_force_configure': False, 'cmake_target': None, 'cmake_target_skip_unavailable': False, 'install_base': '/home/einfochips/ros2_ws/src/multi_robots/install/multi_robots', 'merge_install': False, 'path': '/home/einfochips/ros2_ws/src/multi_robots', 'symlink_install': False, 'test_result_base': None}
[0.224s] INFO:colcon.colcon_core.executor:Executing jobs using 'parallel' executor
[0.225s] DEBUG:colcon.colcon_parallel_executor.executor.parallel:run_until_complete
[0.225s] INFO:colcon.colcon_ros.task.ament_python.build:Building ROS package in '/home/einfochips/ros2_ws/src/multi_robots' with build type 'ament_python'
[0.225s] Level 1:colcon.colcon_core.shell:create_environment_hook('multi_robots', 'ament_prefix_path')
[0.227s] INFO:colcon.colcon_core.plugin_system:Skipping extension 'colcon_core.shell.bat': Not used on non-Windows systems
[0.227s] INFO:colcon.colcon_core.shell:Creating environment hook '/home/einfochips/ros2_ws/src/multi_robots/install/multi_robots/share/multi_robots/hook/ament_prefix_path.ps1'
[0.228s] INFO:colcon.colcon_core.shell:Creating environment descriptor '/home/einfochips/ros2_ws/src/multi_robots/install/multi_robots/share/multi_robots/hook/ament_prefix_path.dsv'
[0.228s] INFO:colcon.colcon_core.shell:Creating environment hook '/home/einfochips/ros2_ws/src/multi_robots/install/multi_robots/share/multi_robots/hook/ament_prefix_path.sh'
[0.229s] INFO:colcon.colcon_core.shell:Skip shell extension 'powershell' for command environment: Not usable outside of PowerShell
[0.229s] DEBUG:colcon.colcon_core.shell:Skip shell extension 'dsv' for command environment
[0.447s] INFO:colcon.colcon_core.task.python.build:Building Python package in '/home/einfochips/ros2_ws/src/multi_robots'
[0.447s] INFO:colcon.colcon_core.shell:Skip shell extension 'powershell' for command environment: Not usable outside of PowerShell
[0.447s] DEBUG:colcon.colcon_core.shell:Skip shell extension 'dsv' for command environment
[0.905s] DEBUG:colcon.colcon_core.event_handler.log_command:Invoking command in '/home/einfochips/ros2_ws/src/multi_robots': PYTHONPATH=/home/einfochips/ros2_ws/src/multi_robots/build/multi_robots/prefix_override:/usr/lib/python3/dist-packages/colcon_core/task/python/colcon_distutils_commands:/home/einfochips/ros2_ws/src/multi_robots/install/multi_robots/lib/python3.10/site-packages:${PYTHONPATH} /usr/bin/python3 -W ignore:setup.py install is deprecated -W ignore:easy_install command is deprecated setup.py egg_info --egg-base build/multi_robots build --build-base /home/einfochips/ros2_ws/src/multi_robots/build/multi_robots/build install --record /home/einfochips/ros2_ws/src/multi_robots/build/multi_robots/install.log --single-version-externally-managed install_data
[1.359s] DEBUG:colcon.colcon_core.event_handler.log_command:Invoked command in '/home/einfochips/ros2_ws/src/multi_robots' returned '0': PYTHONPATH=/home/einfochips/ros2_ws/src/multi_robots/build/multi_robots/prefix_override:/usr/lib/python3/dist-packages/colcon_core/task/python/colcon_distutils_commands:/home/einfochips/ros2_ws/src/multi_robots/install/multi_robots/lib/python3.10/site-packages:${PYTHONPATH} /usr/bin/python3 -W ignore:setup.py install is deprecated -W ignore:easy_install command is deprecated setup.py egg_info --egg-base build/multi_robots build --build-base /home/einfochips/ros2_ws/src/multi_robots/build/multi_robots/build install --record /home/einfochips/ros2_ws/src/multi_robots/build/multi_robots/install.log --single-version-externally-managed install_data
[1.360s] Level 1:colcon.colcon_core.environment:checking '/home/einfochips/ros2_ws/src/multi_robots/install/multi_robots' for CMake module files
[1.361s] Level 1:colcon.colcon_core.environment:checking '/home/einfochips/ros2_ws/src/multi_robots/install/multi_robots' for CMake config files
[1.362s] Level 1:colcon.colcon_core.environment:checking '/home/einfochips/ros2_ws/src/multi_robots/install/multi_robots/lib'
[1.362s] Level 1:colcon.colcon_core.environment:checking '/home/einfochips/ros2_ws/src/multi_robots/install/multi_robots/bin'
[1.362s] Level 1:colcon.colcon_core.environment:checking '/home/einfochips/ros2_ws/src/multi_robots/install/multi_robots/lib/pkgconfig/multi_robots.pc'
[1.362s] Level 1:colcon.colcon_core.environment:checking '/home/einfochips/ros2_ws/src/multi_robots/install/multi_robots/lib/python3.10/site-packages'
[1.362s] Level 1:colcon.colcon_core.shell:create_environment_hook('multi_robots', 'pythonpath')
[1.362s] INFO:colcon.colcon_core.shell:Creating environment hook '/home/einfochips/ros2_ws/src/multi_robots/install/multi_robots/share/multi_robots/hook/pythonpath.ps1'
[1.370s] INFO:colcon.colcon_core.shell:Creating environment descriptor '/home/einfochips/ros2_ws/src/multi_robots/install/multi_robots/share/multi_robots/hook/pythonpath.dsv'
[1.370s] INFO:colcon.colcon_core.shell:Creating environment hook '/home/einfochips/ros2_ws/src/multi_robots/install/multi_robots/share/multi_robots/hook/pythonpath.sh'
[1.371s] Level 1:colcon.colcon_core.environment:checking '/home/einfochips/ros2_ws/src/multi_robots/install/multi_robots/bin'
[1.371s] Level 1:colcon.colcon_core.environment:create_environment_scripts_only(multi_robots)
[1.372s] INFO:colcon.colcon_core.shell:Creating package script '/home/einfochips/ros2_ws/src/multi_robots/install/multi_robots/share/multi_robots/package.ps1'
[1.373s] INFO:colcon.colcon_core.shell:Creating package descriptor '/home/einfochips/ros2_ws/src/multi_robots/install/multi_robots/share/multi_robots/package.dsv'
[1.374s] INFO:colcon.colcon_core.shell:Creating package script '/home/einfochips/ros2_ws/src/multi_robots/install/multi_robots/share/multi_robots/package.sh'
[1.374s] INFO:colcon.colcon_core.shell:Creating package script '/home/einfochips/ros2_ws/src/multi_robots/install/multi_robots/share/multi_robots/package.bash'
[1.375s] INFO:colcon.colcon_core.shell:Creating package script '/home/einfochips/ros2_ws/src/multi_robots/install/multi_robots/share/multi_robots/package.zsh'
[1.375s] Level 1:colcon.colcon_core.environment:create_file_with_runtime_dependencies(/home/einfochips/ros2_ws/src/multi_robots/install/multi_robots/share/colcon-core/packages/multi_robots)
[1.376s] DEBUG:colcon.colcon_parallel_executor.executor.parallel:closing loop
[1.376s] DEBUG:colcon.colcon_parallel_executor.executor.parallel:loop closed
[1.376s] DEBUG:colcon.colcon_parallel_executor.executor.parallel:run_until_complete finished with '0'
[1.376s] DEBUG:colcon.colcon_core.event_reactor:joining thread
[1.382s] INFO:colcon.colcon_core.plugin_system:Skipping extension 'colcon_notification.desktop_notification.terminal_notifier': Not used on non-Darwin systems
[1.383s] INFO:colcon.colcon_core.plugin_system:Skipping extension 'colcon_notification.desktop_notification.win32': Not used on non-Windows systems
[1.383s] INFO:colcon.colcon_notification.desktop_notification:Sending desktop notification using 'notify2'
[1.394s] DEBUG:colcon.colcon_core.event_reactor:joined thread
[1.394s] INFO:colcon.colcon_core.shell:Creating prefix script '/home/einfochips/ros2_ws/src/multi_robots/install/local_setup.ps1'
[1.395s] INFO:colcon.colcon_core.shell:Creating prefix util module '/home/einfochips/ros2_ws/src/multi_robots/install/_local_setup_util_ps1.py'
[1.398s] INFO:colcon.colcon_core.shell:Creating prefix chain script '/home/einfochips/ros2_ws/src/multi_robots/install/setup.ps1'
[1.401s] INFO:colcon.colcon_core.shell:Creating prefix script '/home/einfochips/ros2_ws/src/multi_robots/install/local_setup.sh'
[1.401s] INFO:colcon.colcon_core.shell:Creating prefix util module '/home/einfochips/ros2_ws/src/multi_robots/install/_local_setup_util_sh.py'
[1.402s] INFO:colcon.colcon_core.shell:Creating prefix chain script '/home/einfochips/ros2_ws/src/multi_robots/install/setup.sh'
[1.404s] INFO:colcon.colcon_core.shell:Creating prefix script '/home/einfochips/ros2_ws/src/multi_robots/install/local_setup.bash'
[1.405s] INFO:colcon.colcon_core.shell:Creating prefix chain script '/home/einfochips/ros2_ws/src/multi_robots/install/setup.bash'
[1.410s] INFO:colcon.colcon_core.shell:Creating prefix script '/home/einfochips/ros2_ws/src/multi_robots/install/local_setup.zsh'
[1.411s] INFO:colcon.colcon_core.shell:Creating prefix chain script '/home/einfochips/ros2_ws/src/multi_robots/install/setup.zsh'
