running egg_info
writing build/multi_robots/multi_robots.egg-info/PKG-INFO
writing dependency_links to build/multi_robots/multi_robots.egg-info/dependency_links.txt
writing entry points to build/multi_robots/multi_robots.egg-info/entry_points.txt
writing requirements to build/multi_robots/multi_robots.egg-info/requires.txt
writing top-level names to build/multi_robots/multi_robots.egg-info/top_level.txt
reading manifest file 'build/multi_robots/multi_robots.egg-info/SOURCES.txt'
writing manifest file 'build/multi_robots/multi_robots.egg-info/SOURCES.txt'
running build
running build_py
copying multi_robots/multi_Robot_planner.py -> /home/einfochips/ros2_ws/src/multi_robots/build/multi_robots/build/lib/multi_robots
copying multi_robots/chat_gui.py -> /home/einfochips/ros2_ws/src/multi_robots/build/multi_robots/build/lib/multi_robots
copying multi_robots/object_detection.py -> /home/einfochips/ros2_ws/src/multi_robots/build/multi_robots/build/lib/multi_robots
copying multi_robots/llm_nav.py -> /home/einfochips/ros2_ws/src/multi_robots/build/multi_robots/build/lib/multi_robots
copying multi_robots/object_tracking.py -> /home/einfochips/ros2_ws/src/multi_robots/build/multi_robots/build/lib/multi_robots
running install
running install_lib
running install_data
copying launch/multi_robot.launch.py -> /home/einfochips/ros2_ws/src/multi_robots/install/multi_robots/share/multi_robots/launch
copying worlds/tb3_world.world -> /home/einfochips/ros2_ws/src/multi_robots/install/multi_robots/share/multi_robots/worlds
copying config/robots.yaml -> /home/einfochips/ros2_ws/src/multi_robots/install/multi_robots/share/multi_robots/config
copying config/planner.yaml -> /home/einfochips/ros2_ws/src/multi_robots/install/multi_robots/share/multi_robots/config
running install_egg_info
removing '/home/einfochips/ros2_ws/src/multi_robots/install/multi_robots/lib/python3.10/site-packages/multi_robots-0.0.0-py3.10.egg-info' (and everything under it)
Copying build/multi_robots/multi_robots.egg-info to /home/einfochips/ros2_ws/src/multi_robots/install/multi_robots/lib/python3.10/site-packages/multi_robots-0.0.0-py3.10.egg-info
running install_scripts
Installing chat_gui script to /home/einfochips/ros2_ws/src/multi_robots/install/multi_robots/lib/multi_robots
Installing goal_pose script to /home/einfochips/ros2_ws/src/multi_robots/install/multi_robots/lib/multi_robots
Installing llm_decision script to /home/einfochips/ros2_ws/src/multi_robots/install/multi_robots/lib/multi_robots
Installing llm_nav script to /home/einfochips/ros2_ws/src/multi_robots/install/multi_robots/lib/multi_robots
Installing llm_obj script to /home/einfochips/ros2_ws/src/multi_robots/install/multi_robots/lib/multi_robots
Installing object_detection script to /home/einfochips/ros2_ws/src/multi_robots/install/multi_robots/lib/multi_robots
Installing object_tracking script to /home/einfochips/ros2_ws/src/multi_robots/install/multi_robots/lib/multi_robots
Installing planner script to /home/einfochips/ros2_ws/src/multi_robots/install/multi_robots/lib/multi_robots
writing list of installed files to '/home/einfochips/ros2_ws/src/multi_robots/build/multi_robots/install.log'
